[vongtaygotram.fastbuy.biz/indexa32b.html]
[d1qgok7w0wzph.cloudfront.net/vongtay-gosua/vongtay-gosua-2/favicon.png]
[backblue.gif]
[fade.gif]
[index.html]
[vongtaygotram.fastbuy.biz/assets/css/bootstrap.min.css]
[vongtaygotram.fastbuy.biz/assets/css/styles592e.css]
[vongtaygotram.fastbuy.biz/assets/css/animate.css]
[vongtaygotram.fastbuy.biz/assets/css/flipclock.css]
[vongtaygotram.fastbuy.biz/assets/img/logo.png]
[vongtaygotram.fastbuy.biz/assets/img/sp1.png]
[vongtaygotram.fastbuy.biz/assets/img/item1.png]
[vongtaygotram.fastbuy.biz/assets/img/item277ae.png]
[vongtaygotram.fastbuy.biz/assets/img/item3.png]
[vongtaygotram.fastbuy.biz/assets/img/item477ae.png]
[vongtaygotram.fastbuy.biz/assets/img/item577ae.png]
[vongtaygotram.fastbuy.biz/assets/img/sp2.png]
[d1qgok7w0wzph.cloudfront.net/vongtay-gosua/vongtay-gosua-2/datmua-text.png]
[vongtaygotram.fastbuy.biz/assets/img/sp3.png]
[d1qgok7w0wzph.cloudfront.net/vongtay-gosua/vongtay-gosua-2/ava1.png]
[d1qgok7w0wzph.cloudfront.net/vongtay-gosua/vongtay-gosua-2/ava2.png]
[d1qgok7w0wzph.cloudfront.net/vongtay-gosua/vongtay-gosua-2/hapdan.png]
[vongtaygotram.fastbuy.biz/assets/img/sp4.jpg]
[ajax.googleapis.com/ajax/libs/jquery/1.12.4/jquery.min.js]
[vongtaygotram.fastbuy.biz/assets/js/flipclock.min.js]
[maxcdn.bootstrapcdn.com/bootstrap/3.3.7/js/bootstrap.min.js]
[vongtaygotram.fastbuy.biz/assets/js/wow.min.js]
[d2uk0m3iwj5j1z.cloudfront.net/public/all-offers/cpa-frontend/resource/2018/epagee67d.js]
[connect.facebook.net/en_US/fbevents.js]
[vongtaygotram.fastbuy.biz/indexa32b.html]
[vongtaygotram.fastbuy.biz/assets/fonts/glyphicons-halflings-regular.woff2]
[vongtaygotram.fastbuy.biz/assets/fonts/glyphicons-halflings-regular.eot]
[vongtaygotram.fastbuy.biz/assets/fonts/glyphicons-halflings-regulard41d.eot]
[vongtaygotram.fastbuy.biz/assets/fonts/glyphicons-halflings-regular.woff]
[vongtaygotram.fastbuy.biz/assets/fonts/glyphicons-halflings-regular.ttf]
[vongtaygotram.fastbuy.biz/assets/css/bootstrap.min.css]
[vongtaygotram.fastbuy.biz/assets/fonts/glyphicons-halflings-regular.svg]
[vongtaygotram.fastbuy.biz/assets/fonts/utm-fire-house.ttf]
[vongtaygotram.fastbuy.biz/assets/fonts/UTM-Alexander.ttf]
[vongtaygotram.fastbuy.biz/assets/fonts/iCiel-Altus.ttf]
[vongtaygotram.fastbuy.biz/assets/img/bg1.jpg]
[vongtaygotram.fastbuy.biz/assets/img/bg2.jpg]
[vongtaygotram.fastbuy.biz/assets/img/bg3.jpg]
[vongtaygotram.fastbuy.biz/assets/img/bg4.jpg]
[vongtaygotram.fastbuy.biz/assets/img/bg5.jpg]
[vongtaygotram.fastbuy.biz/assets/img/bg6.jpg]
[vongtaygotram.fastbuy.biz/assets/img/bg7.jpg]
[vongtaygotram.fastbuy.biz/assets/img/box.png]
[d1qgok7w0wzph.cloudfront.net/vongtay-gosua/vongtay-gosua-2/sao.png]
[d1qgok7w0wzph.cloudfront.net/vongtay-gosua/vongtay-gosua-2/circle.png]
[d1qgok7w0wzph.cloudfront.net/vongtay-gosua/vongtay-gosua-2/bg7.jpg]
[vongtaygotram.fastbuy.biz/assets/css/styles592e.css]
[vongtaygotram.fastbuy.biz/assets/css/animate.css]
[vongtaygotram.fastbuy.biz/assets/css/flipclock.css]
[www.googletagmanager.com/gtm5445.html]
[vongtaygotram.fastbuy.biz/POST.html]
[vongtaygotram.fastbuy.biz/schema.org/index.html]
[vongtaygotram.fastbuy.biz/f.location.html]
[connect.facebook.net/en_US/fbevents.js]
[vongtaygotram.fastbuy.biz/assets/fonts/glyphicons-halflings-regular.svg]
[vongtaygotram.fastbuy.biz/a.html]
[vongtaygotram.fastbuy.biz/POST.html]
[vongtaygotram.fastbuy.biz/schema.org/assets/css/bootstrap.min.css]
[vongtaygotram.fastbuy.biz/schema.org/assets/css/styles592e.css]
[vongtaygotram.fastbuy.biz/schema.org/assets/css/animate.css]
[vongtaygotram.fastbuy.biz/schema.org/assets/css/flipclock.css]
[vongtaygotram.fastbuy.biz/schema.org/assets/img/logo.png]
[vongtaygotram.fastbuy.biz/schema.org/assets/img/sp1.png]
[vongtaygotram.fastbuy.biz/schema.org/assets/img/item1.png]
[vongtaygotram.fastbuy.biz/schema.org/assets/img/item277ae.png]
[vongtaygotram.fastbuy.biz/schema.org/assets/img/item3.png]
[vongtaygotram.fastbuy.biz/schema.org/assets/img/item477ae.png]
[vongtaygotram.fastbuy.biz/schema.org/assets/img/item577ae.png]
[vongtaygotram.fastbuy.biz/schema.org/assets/img/sp2.png]
[vongtaygotram.fastbuy.biz/schema.org/assets/img/sp3.png]
[vongtaygotram.fastbuy.biz/schema.org/assets/img/sp4.jpg]
[vongtaygotram.fastbuy.biz/schema.org/assets/js/flipclock.min.js]
[vongtaygotram.fastbuy.biz/schema.org/assets/js/wow.min.js]
[vongtaygotram.fastbuy.biz/schema.org/index.html]
[vongtaygotram.fastbuy.biz/f.location.html]
[vongtaygotram.fastbuy.biz/a.html]
[vongtaygotram.fastbuy.biz/schema.org/assets/css/bootstrap.min.html]
[vongtaygotram.fastbuy.biz/schema.org/assets/css/styles592e.html]
[vongtaygotram.fastbuy.biz/schema.org/assets/css/animate.html]
[vongtaygotram.fastbuy.biz/schema.org/assets/css/flipclock.html]
[vongtaygotram.fastbuy.biz/schema.org/assets/img/logo.html]
[vongtaygotram.fastbuy.biz/schema.org/assets/img/sp1.html]
[vongtaygotram.fastbuy.biz/schema.org/assets/img/item1.html]
[vongtaygotram.fastbuy.biz/schema.org/assets/img/item277ae.html]
[vongtaygotram.fastbuy.biz/schema.org/assets/img/item3.html]
[vongtaygotram.fastbuy.biz/schema.org/assets/img/item477ae.html]
[vongtaygotram.fastbuy.biz/schema.org/assets/img/item577ae.html]
[vongtaygotram.fastbuy.biz/schema.org/assets/img/sp2.html]
[vongtaygotram.fastbuy.biz/schema.org/assets/img/sp3.html]
[vongtaygotram.fastbuy.biz/schema.org/assets/img/sp4.html]
[vongtaygotram.fastbuy.biz/schema.org/assets/js/flipclock.min.html]
[vongtaygotram.fastbuy.biz/schema.org/assets/js/wow.min.html]
